// Jest Snapshot v1, https://goo.gl/fbAQLP

exports[`MoviesList renders correctly 1`] = `
<div
  className="loader"
/>
`;
